node.exe : npm warn Unknown env config "devdir". This will stop working in the next major version of npm.
At line:1 char:1
+ & "C:\Program Files\nodejs/node.exe" "C:\Program Files\nodejs/node_mo ...
+ ~~~~~~~~~~~~~~~~~~~~~~~~~~~~~~~~~~~~~~~~~~~~~~~~~~~~~~~~~~~~~~~~~~~~~
    + CategoryInfo          : NotSpecified: (npm warn Unknow...version of npm.:String) [], RemoteException
    + FullyQualifiedErrorId : NativeCommandError
 

> atomquest-portal@0.1.0 build
> next build

ΓÜá Warning: Next.js inferred your workspace root, but it may not be correct.
 We detected multiple lockfiles and selected the directory of C:\Users\sriva\package-lock.json as the root directory.
 To silence this warning, set `turbopack.root` in your Next.js config, or consider removing one of the lockfiles if 
it's not needed.
   See https://nextjs.org/docs/app/api-reference/config/next-config-js/turbopack#root-directory for more information.
 Detected additional lockfiles: 
   * C:\Users\sriva\atomquest-portal\package-lock.json

Γû▓ Next.js 16.2.6 (Turbopack)
- Environments: .env.local

ΓÜá The "middleware" file convention is deprecated. Please use "proxy" instead. Learn more: 
https://nextjs.org/docs/messages/middleware-to-proxy
  Creating an optimized production build ...

> Build error occurred
Error: Turbopack build failed with 1 errors:
./atomquest-portal/app/(auth)/login/page.tsx:8:16
Unexpected token `=`. Expected jsx identifier
  [90m 6 |[0m [36mfunction[0m [33mLoginFormFallback[0m() {
  [90m 7 |[0m   [36mreturn[0m (
[31m[1m>[0m [90m 8 |[0m     < className=[32m"space-y-6"[0m>
  [90m   |[0m                [31m[1m^[0m
  [90m 9 |[0m       <[33mSkeleton[0m className=[32m"mx-auto h-8 w-48"[0m />
  [90m10 |[0m       <[33mSkeleton[0m className=[32m"h-10 w-full"[0m />
  [90m11 |[0m       <[33mSkeleton[0m className=[32m"h-10 w-full"[0m />

Parsing ecmascript source code failed


    at <unknown> (./atomquest-portal/app/(auth)/login/page.tsx:8:16)
